\BOOKMARK [1][-]{section.1}{\376\377\000L\000a\000s\000e\000r\000\040\000b\000e\000a\000m\000\040\000p\000r\000o\000p\000a\000g\000a\000t\000i\000o\000n}{}% 1
\BOOKMARK [2][-]{subsection.1.1}{\376\377\000D\000i\000v\000e\000r\000g\000e\000n\000c\000e}{section.1}% 2
\BOOKMARK [2][-]{subsection.1.2}{\376\377\000S\000p\000o\000t\000\040\000s\000i\000z\000e}{section.1}% 3
\BOOKMARK [2][-]{subsection.1.3}{\376\377\000F\000i\000e\000l\000d\000\040\000o\000f\000\040\000V\000i\000e\000w\000\040\000\050\000F\000O\000V\000\051}{section.1}% 4
\BOOKMARK [2][-]{subsection.1.4}{\376\377\000G\000a\000u\000s\000s\000i\000a\000n\000\040\000b\000e\000a\000m}{section.1}% 5
\BOOKMARK [3][-]{subsubsection.1.4.1}{\376\377\000G\000a\000u\000s\000s\000i\000a\000n\000\040\000b\000e\000a\000m\000\040\000p\000a\000r\000a\000m\000e\000t\000e\000r\000s}{subsection.1.4}% 6
\BOOKMARK [3][-]{subsubsection.1.4.2}{\376\377\000G\000a\000u\000s\000s\000i\000a\000n\000\040\000B\000e\000a\000m\000\040\000w\000i\000d\000t\000h}{subsection.1.4}% 7
\BOOKMARK [3][-]{subsubsection.1.4.3}{\376\377\000B\000e\000a\000m\000\040\000w\000i\000d\000t\000h\000\040\000a\000t\000\040\000F\000W\000H\000M\000\040\000a\000n\000d\000\040\0001\000/\000e\0002}{subsection.1.4}% 8
\BOOKMARK [3][-]{subsubsection.1.4.4}{\376\377\000D\000i\000v\000e\000r\000g\000e\000n\000c\000e\000\040\000a\000t\000\040\000F\000W\000H\000M\000\040\000a\000n\000d\000\040\0001\000/\000e\0002}{subsection.1.4}% 9
\BOOKMARK [3][-]{subsubsection.1.4.5}{\376\377\000I\000r\000r\000a\000d\000i\000a\000n\000c\000e\000\040\000o\000n\000-\000a\000x\000i\000s}{subsection.1.4}% 10
\BOOKMARK [1][-]{section.2}{\376\377\000L\000i\000n\000k\000\040\000b\000u\000d\000g\000e\000t}{}% 11
\BOOKMARK [2][-]{subsection.2.1}{\376\377\000P\000o\000w\000e\000r\000\040\000a\000t\000\040\000t\000h\000e\000\040\000r\000e\000c\000e\000i\000v\000e\000r}{section.2}% 12
\BOOKMARK [2][-]{subsection.2.2}{\376\377\000I\000r\000r\000a\000d\000i\000a\000n\000c\000e\000\040\000a\000t\000\040\000t\000h\000e\000\040\000r\000e\000c\000e\000i\000v\000e\000r}{section.2}% 13
\BOOKMARK [1][-]{section.3}{\376\377\000A\000t\000m\000o\000s\000p\000h\000e\000r\000i\000c\000\040\000c\000h\000a\000n\000n\000e\000l\000\040\000e\000f\000f\000e\000c\000t\000s}{}% 14
\BOOKMARK [2][-]{subsection.3.1}{\376\377\000K\000o\000l\000m\000o\000g\000o\000r\000o\000v\000\040\000o\000u\000t\000e\000r\000\040\000s\000c\000a\000l\000e\000\040\000a\000n\000d\000\040\000i\000n\000n\000e\000r\000\040\000s\000c\000a\000l\000e}{section.3}% 15
\BOOKMARK [2][-]{subsection.3.2}{\376\377\000B\000e\000a\000m\000\040\000s\000p\000r\000e\000a\000d\000i\000n\000g\000\040\000\050\000S\000p\000o\000t\000\040\000s\000i\000z\000e\000\051}{section.3}% 16
\BOOKMARK [2][-]{subsection.3.3}{\376\377\000B\000e\000a\000m\000\040\000w\000a\000n\000d\000e\000r}{section.3}% 17
\BOOKMARK [2][-]{subsection.3.4}{\376\377\000R\000e\000f\000r\000a\000c\000t\000i\000v\000e\000\040\000i\000n\000d\000e\000x\000\040\000s\000t\000r\000u\000c\000t\000u\000r\000e\000\040\000p\000a\000r\000a\000m\000e\000t\000e\000r}{section.3}% 18
\BOOKMARK [2][-]{subsection.3.5}{\376\377\000H\000V\000:\000\040\000H\000u\000f\000n\000a\000g\000e\000l\000-\000V\000a\000l\000l\000e\000y}{section.3}% 19
\BOOKMARK [2][-]{subsection.3.6}{\376\377\000R\000y\000t\000o\000v\000\040\000v\000a\000r\000i\000a\000n\000c\000e}{section.3}% 20
\BOOKMARK [2][-]{subsection.3.7}{\376\377\000F\000r\000i\000e\000d\000\040\000p\000a\000r\000a\000m\000e\000t\000e\000r\000\040\000\050\000C\000o\000h\000e\000r\000e\000n\000c\000e\000\040\000w\000i\000d\000t\000h\000\051}{section.3}% 21
\BOOKMARK [2][-]{subsection.3.8}{\376\377\000G\000r\000e\000e\000n\000w\000o\000o\000d\000\040\000f\000r\000e\000q\000u\000e\000n\000c\000y}{section.3}% 22
\BOOKMARK [2][-]{subsection.3.9}{\376\377\000S\000c\000i\000n\000t\000i\000l\000l\000a\000t\000i\000o\000n}{section.3}% 23
\BOOKMARK [1][-]{section.4}{\376\377\000L\000i\000n\000k\000\040\000D\000i\000s\000t\000a\000n\000c\000e}{}% 24
\BOOKMARK [1][-]{section.5}{\376\377\000P\000o\000i\000n\000t\000i\000n\000g\000\040\000E\000r\000r\000o\000r}{}% 25
\BOOKMARK [2][-]{subsection.5.1}{\376\377\000T\000w\000o\000-\000l\000i\000n\000e\000\040\000e\000l\000e\000m\000e\000n\000t\000\040\000e\000r\000r\000o\000r}{section.5}% 26
\BOOKMARK [2][-]{subsection.5.2}{\376\377\000S\000t\000a\000r\000\040\000t\000r\000a\000c\000k\000e\000r\000\040\000e\000r\000r\000o\000r}{section.5}% 27
\BOOKMARK [2][-]{subsection.5.3}{\376\377\000E\000n\000c\000o\000d\000e\000r\000s\000\040\000r\000e\000a\000d\000i\000n\000g\000\040\000e\000r\000r\000o\000r}{section.5}% 28
\BOOKMARK [2][-]{subsection.5.4}{\376\377\000J\000i\000t\000t\000e\000r}{section.5}% 29
\BOOKMARK [2][-]{subsection.5.5}{\376\377\000A\000t\000m\000o\000s\000p\000h\000e\000r\000i\000c\000\040\000e\000f\000f\000e\000c\000t\000s}{section.5}% 30
\BOOKMARK [1][-]{section.6}{\376\377\000D\000a\000t\000a\000\040\000C\000o\000m\000m\000u\000n\000i\000c\000a\000t\000i\000o\000n}{}% 31
\BOOKMARK [2][-]{subsection.6.1}{\376\377\000B\000a\000u\000d\000\040\000R\000a\000t\000e}{section.6}% 32
\BOOKMARK [2][-]{subsection.6.2}{\376\377\000B\000a\000n\000d\000w\000i\000d\000t\000h}{section.6}% 33
\BOOKMARK [2][-]{subsection.6.3}{\376\377\000M\000o\000d\000u\000l\000a\000t\000i\000o\000n}{section.6}% 34
\BOOKMARK [2][-]{subsection.6.4}{\376\377\000S\000p\000e\000c\000t\000r\000a\000l\000\040\000E\000f\000f\000i\000c\000i\000e\000n\000c\000y}{section.6}% 35
\BOOKMARK [2][-]{subsection.6.5}{\376\377\000C\000a\000p\000a\000c\000i\000t\000y}{section.6}% 36
\BOOKMARK [2][-]{subsection.6.6}{\376\377\000S\000i\000g\000n\000a\000l\000-\000t\000o\000-\000N\000o\000i\000s\000e\000\040\000R\000a\000t\000i\000o}{section.6}% 37
\BOOKMARK [2][-]{subsection.6.7}{\376\377\000B\000i\000t\000\040\000E\000r\000r\000o\000r\000\040\000R\000a\000t\000e}{section.6}% 38
\BOOKMARK [2][-]{subsection.6.8}{\376\377\000M\000e\000a\000n\000\040\000S\000N\000R}{section.6}% 39
\BOOKMARK [2][-]{subsection.6.9}{\376\377\000F\000a\000d\000i\000n\000g\000\040\000s\000t\000a\000t\000i\000s\000t\000i\000c\000s}{section.6}% 40
\BOOKMARK [1][-]{section.7}{\376\377\000M\000o\000d\000u\000l\000a\000t\000i\000o\000n}{}% 41
\BOOKMARK [2][-]{subsubsection.7.0.1}{\376\377\000O\000O\000K\000:\000\040\000O\000n\000-\000O\000f\000f\000\040\000K\000e\000y\000i\000n\000g}{section.7}% 42
\BOOKMARK [3][-]{subsubsection.7.0.2}{\376\377\000Q\000P\000S\000K\000:\000\040\000Q\000u\000a\000d\000r\000a\000t\000u\000r\000e\000\040\000P\000h\000a\000s\000e\000\040\000K\000e\000y\000i\000n\000g}{subsubsection.7.0.1}% 43
\BOOKMARK [3][-]{subsubsection.7.0.3}{\376\377\000Q\000A\000M\000:\000\040\000Q\000u\000a\000d\000r\000a\000t\000u\000r\000e\000\040\000A\000m\000p\000l\000i\000t\000u\000d\000e\000\040\000M\000o\000d\000u\000l\000a\000t\000i\000o\000n}{subsubsection.7.0.1}% 44
\BOOKMARK [2][-]{subsection.7.1}{\376\377\000D\000a\000t\000a\000\040\000R\000a\000t\000e\000s}{section.7}% 45
\BOOKMARK [1][-]{section.8}{\376\377\000P\000h\000o\000t\000o\000d\000e\000t\000e\000c\000t\000o\000r\000s}{}% 46
\BOOKMARK [2][-]{subsection.8.1}{\376\377\000N\000o\000i\000s\000e}{section.8}% 47
\BOOKMARK [2][-]{subsection.8.2}{\376\377\000A\000P\000D}{section.8}% 48
\BOOKMARK [2][-]{subsection.8.3}{\376\377\000P\000I\000N}{section.8}% 49
\BOOKMARK [3][-]{subsubsection.8.3.1}{\376\377\000I\000n\000G\000a\000A\000S}{subsection.8.3}% 50
\BOOKMARK [2][-]{subsection.8.4}{\376\377\000Q\000P\000D}{section.8}% 51
\BOOKMARK [1][-]{section.9}{\376\377\000L\000a\000s\000e\000r\000\040\000t\000r\000a\000n\000s\000m\000i\000t\000t\000e\000r}{}% 52
\BOOKMARK [2][-]{subsection.9.1}{\376\377\000A\000m\000p\000l\000i\000t\000u\000d\000e\000\040\000m\000o\000d\000u\000l\000a\000t\000i\000o\000n}{section.9}% 53
\BOOKMARK [2][-]{subsection.9.2}{\376\377\000P\000h\000a\000s\000e\000\040\000m\000o\000d\000u\000l\000a\000t\000i\000o\000n}{section.9}% 54
\BOOKMARK [2][-]{subsection.9.3}{\376\377\000P\000o\000l\000a\000r\000i\000z\000a\000t\000i\000o\000n\000\040\000m\000o\000d\000u\000l\000a\000t\000i\000o\000n}{section.9}% 55
\BOOKMARK [1][-]{section.10}{\376\377\000R\000e\000f\000e\000r\000e\000n\000c\000e\000s}{}% 56
